{
  "version": "1.5.0",
  "plugins_used": [
    {
      "name": "ArtifactoryDetector"
    },
    {
      "name": "AWSKeyDetector"
    },
    {
      "name": "AzureStorageKeyDetector"
    },
    {
      "name": "Base64HighEntropyString",
      "limit": 4.5
    },
    {
      "name": "BasicAuthDetector"
    },
    {
      "name": "CloudantDetector"
    },
    {
      "name": "DiscordBotTokenDetector"
    },
    {
      "name": "GitHubTokenDetector"
    },
    {
      "name": "GitLabTokenDetector"
    },
    {
      "name": "HexHighEntropyString",
      "limit": 3.0
    },
    {
      "name": "IbmCloudIamDetector"
    },
    {
      "name": "IbmCosHmacDetector"
    },
    {
      "name": "IPPublicDetector"
    },
    {
      "name": "JwtTokenDetector"
    },
    {
      "name": "KeywordDetector",
      "keyword_exclude": ""
    },
    {
      "name": "MailchimpDetector"
    },
    {
      "name": "NpmDetector"
    },
    {
      "name": "OpenAIDetector"
    },
    {
      "name": "PrivateKeyDetector"
    },
    {
      "name": "PypiTokenDetector"
    },
    {
      "name": "SendGridDetector"
    },
    {
      "name": "SlackDetector"
    },
    {
      "name": "SoftlayerDetector"
    },
    {
      "name": "SquareOAuthDetector"
    },
    {
      "name": "StripeDetector"
    },
    {
      "name": "TelegramBotTokenDetector"
    },
    {
      "name": "TwilioKeyDetector"
    }
  ],
  "filters_used": [
    {
      "path": "detect_secrets.filters.allowlist.is_line_allowlisted"
    },
    {
      "path": "detect_secrets.filters.common.is_baseline_file",
      "filename": ".secrets.baseline"
    },
    {
      "path": "detect_secrets.filters.common.is_ignored_due_to_verification_policies",
      "min_level": 2
    },
    {
      "path": "detect_secrets.filters.heuristic.is_indirect_reference"
    },
    {
      "path": "detect_secrets.filters.heuristic.is_likely_id_string"
    },
    {
      "path": "detect_secrets.filters.heuristic.is_lock_file"
    },
    {
      "path": "detect_secrets.filters.heuristic.is_not_alphanumeric_string"
    },
    {
      "path": "detect_secrets.filters.heuristic.is_potential_uuid"
    },
    {
      "path": "detect_secrets.filters.heuristic.is_prefixed_with_dollar_sign"
    },
    {
      "path": "detect_secrets.filters.heuristic.is_sequential_string"
    },
    {
      "path": "detect_secrets.filters.heuristic.is_swagger_file"
    },
    {
      "path": "detect_secrets.filters.heuristic.is_templated_secret"
    }
  ],
  "results": {
    ".claude/scenarios/mcp-manager/tests/fixtures/sample_config.json": [
      {
        "type": "Secret Keyword",
        "filename": ".claude/scenarios/mcp-manager/tests/fixtures/sample_config.json",
        "hashed_secret": "3acfb2c2b433c0ea7ff107e33df91b18e52f960f",
        "is_verified": false,
        "line_number": 9
      }
    ],
    ".claude/skills/agent-sdk/reference.md": [
      {
        "type": "Secret Keyword",
        "filename": ".claude/skills/agent-sdk/reference.md",
        "hashed_secret": "c7a8c334eef5d1749fface7d42c66f9ae5e8cf36",
        "is_verified": false,
        "line_number": 354
      }
    ],
    "demos/pr400_e2e_demo/iteration1/main.tf.json": [
      {
        "type": "Base64 High Entropy String",
        "filename": "demos/pr400_e2e_demo/iteration1/main.tf.json",
        "hashed_secret": "c1cfe9d24078911d43ddc46b57abfa44bcd26804",
        "is_verified": false,
        "line_number": 38
      },
      {
        "type": "Base64 High Entropy String",
        "filename": "demos/pr400_e2e_demo/iteration1/main.tf.json",
        "hashed_secret": "2e2809a520fcd0a1d763d71807aab8e0a7d40074",
        "is_verified": false,
        "line_number": 39
      },
      {
        "type": "Base64 High Entropy String",
        "filename": "demos/pr400_e2e_demo/iteration1/main.tf.json",
        "hashed_secret": "08197dc4de9696310da6564d5339c7536ab9f7fe",
        "is_verified": false,
        "line_number": 4995
      },
      {
        "type": "Base64 High Entropy String",
        "filename": "demos/pr400_e2e_demo/iteration1/main.tf.json",
        "hashed_secret": "d24adea72dcd8fa34b46189cab096ccffd764915",
        "is_verified": false,
        "line_number": 5002
      },
      {
        "type": "Base64 High Entropy String",
        "filename": "demos/pr400_e2e_demo/iteration1/main.tf.json",
        "hashed_secret": "78122078ae8ca5aa91b11893654feed2c2ab588a",
        "is_verified": false,
        "line_number": 5009
      },
      {
        "type": "Base64 High Entropy String",
        "filename": "demos/pr400_e2e_demo/iteration1/main.tf.json",
        "hashed_secret": "589cc408e98fd91d8c87208dd4600059f4e0a09e",
        "is_verified": false,
        "line_number": 5016
      },
      {
        "type": "Hex High Entropy String",
        "filename": "demos/pr400_e2e_demo/iteration1/main.tf.json",
        "hashed_secret": "0c8e64a6f06e6fad5c1621735701d21fad956afe",
        "is_verified": false,
        "line_number": 5035
      },
      {
        "type": "Hex High Entropy String",
        "filename": "demos/pr400_e2e_demo/iteration1/main.tf.json",
        "hashed_secret": "8f2dc4feda7db0b1666b0ec0f0feaa355f4b0234",
        "is_verified": false,
        "line_number": 5083
      },
      {
        "type": "Base64 High Entropy String",
        "filename": "demos/pr400_e2e_demo/iteration1/main.tf.json",
        "hashed_secret": "91c2f6da754d685649517121727fc458c5d771d0",
        "is_verified": false,
        "line_number": 8297
      },
      {
        "type": "Base64 High Entropy String",
        "filename": "demos/pr400_e2e_demo/iteration1/main.tf.json",
        "hashed_secret": "e722548af9bf456e23a5ec3f68dcac56a7d3759b",
        "is_verified": false,
        "line_number": 8517
      },
      {
        "type": "Base64 High Entropy String",
        "filename": "demos/pr400_e2e_demo/iteration1/main.tf.json",
        "hashed_secret": "8cd229c8fae831b23c331971f89ab09758b2d190",
        "is_verified": false,
        "line_number": 9030
      },
      {
        "type": "Base64 High Entropy String",
        "filename": "demos/pr400_e2e_demo/iteration1/main.tf.json",
        "hashed_secret": "c5045c3f763798419b633e3fef7b4928e67ae675",
        "is_verified": false,
        "line_number": 9031
      },
      {
        "type": "Base64 High Entropy String",
        "filename": "demos/pr400_e2e_demo/iteration1/main.tf.json",
        "hashed_secret": "2b09cddce1347f94640d3fed3815a4be48869fcc",
        "is_verified": false,
        "line_number": 9052
      },
      {
        "type": "Base64 High Entropy String",
        "filename": "demos/pr400_e2e_demo/iteration1/main.tf.json",
        "hashed_secret": "acc13032cd55004e72a7a3dc4edb0f49334e5da8",
        "is_verified": false,
        "line_number": 9053
      },
      {
        "type": "Base64 High Entropy String",
        "filename": "demos/pr400_e2e_demo/iteration1/main.tf.json",
        "hashed_secret": "d95247e93adeee54c315974478041efb6a183335",
        "is_verified": false,
        "line_number": 9063
      },
      {
        "type": "Base64 High Entropy String",
        "filename": "demos/pr400_e2e_demo/iteration1/main.tf.json",
        "hashed_secret": "16052af29be838a5fb3876622b216eb407716097",
        "is_verified": false,
        "line_number": 9064
      },
      {
        "type": "Base64 High Entropy String",
        "filename": "demos/pr400_e2e_demo/iteration1/main.tf.json",
        "hashed_secret": "34755af741b00b3abf0cec5a1fc24537d132093b",
        "is_verified": false,
        "line_number": 9074
      },
      {
        "type": "Base64 High Entropy String",
        "filename": "demos/pr400_e2e_demo/iteration1/main.tf.json",
        "hashed_secret": "bd774361687c1d66975b49abb8e74daed3efb68a",
        "is_verified": false,
        "line_number": 9075
      },
      {
        "type": "Base64 High Entropy String",
        "filename": "demos/pr400_e2e_demo/iteration1/main.tf.json",
        "hashed_secret": "6623a6f011fd4d86fb6506451a1fb02a10491a2b",
        "is_verified": false,
        "line_number": 9118
      },
      {
        "type": "Base64 High Entropy String",
        "filename": "demos/pr400_e2e_demo/iteration1/main.tf.json",
        "hashed_secret": "bff9f873c1526c1b24676aa6e82bf8ef98da71c1",
        "is_verified": false,
        "line_number": 9119
      },
      {
        "type": "Base64 High Entropy String",
        "filename": "demos/pr400_e2e_demo/iteration1/main.tf.json",
        "hashed_secret": "9f988eecee5fd103daf162b0baac898b040de5b1",
        "is_verified": false,
        "line_number": 9295
      },
      {
        "type": "Base64 High Entropy String",
        "filename": "demos/pr400_e2e_demo/iteration1/main.tf.json",
        "hashed_secret": "2e34bf6472fdc940f72e5cbc09d96d11c5672bab",
        "is_verified": false,
        "line_number": 9305
      },
      {
        "type": "Base64 High Entropy String",
        "filename": "demos/pr400_e2e_demo/iteration1/main.tf.json",
        "hashed_secret": "2cdcd9824d788acfe12fe5ba177cb126eafff14f",
        "is_verified": false,
        "line_number": 9306
      },
      {
        "type": "Base64 High Entropy String",
        "filename": "demos/pr400_e2e_demo/iteration1/main.tf.json",
        "hashed_secret": "c3bf773103e74de464469e2841592a474b70407f",
        "is_verified": false,
        "line_number": 9338
      },
      {
        "type": "Base64 High Entropy String",
        "filename": "demos/pr400_e2e_demo/iteration1/main.tf.json",
        "hashed_secret": "b3f8432196845f6569131def04945d6df0d438cf",
        "is_verified": false,
        "line_number": 9361
      },
      {
        "type": "Base64 High Entropy String",
        "filename": "demos/pr400_e2e_demo/iteration1/main.tf.json",
        "hashed_secret": "809e746da0148aeb9397dfd4379df1e2b0c57594",
        "is_verified": false,
        "line_number": 9415
      },
      {
        "type": "Base64 High Entropy String",
        "filename": "demos/pr400_e2e_demo/iteration1/main.tf.json",
        "hashed_secret": "c2235718c3f5d2d441f366624dd2aa1a525d2346",
        "is_verified": false,
        "line_number": 9416
      },
      {
        "type": "Base64 High Entropy String",
        "filename": "demos/pr400_e2e_demo/iteration1/main.tf.json",
        "hashed_secret": "47102ac8abbd561ff317198c7013f5cabd3f1ae5",
        "is_verified": false,
        "line_number": 9437
      },
      {
        "type": "Base64 High Entropy String",
        "filename": "demos/pr400_e2e_demo/iteration1/main.tf.json",
        "hashed_secret": "b8687e5bf0878f5e4573a5af3e96198b19516577",
        "is_verified": false,
        "line_number": 9438
      },
      {
        "type": "Base64 High Entropy String",
        "filename": "demos/pr400_e2e_demo/iteration1/main.tf.json",
        "hashed_secret": "674ff09aa19d9d8c1ee9cb177b065069bfb02566",
        "is_verified": false,
        "line_number": 9484
      },
      {
        "type": "Base64 High Entropy String",
        "filename": "demos/pr400_e2e_demo/iteration1/main.tf.json",
        "hashed_secret": "f9e1ab44f017a67b6dc7a0fc8e28cd26e19181a5",
        "is_verified": false,
        "line_number": 9485
      },
      {
        "type": "Base64 High Entropy String",
        "filename": "demos/pr400_e2e_demo/iteration1/main.tf.json",
        "hashed_secret": "8716c219774ac924460c220cfd5bc58c6e940b0e",
        "is_verified": false,
        "line_number": 9495
      },
      {
        "type": "Base64 High Entropy String",
        "filename": "demos/pr400_e2e_demo/iteration1/main.tf.json",
        "hashed_secret": "33e12674223c7b8fc84d72fbfde7a24604ce052d",
        "is_verified": false,
        "line_number": 9496
      },
      {
        "type": "Base64 High Entropy String",
        "filename": "demos/pr400_e2e_demo/iteration1/main.tf.json",
        "hashed_secret": "38d8c0867ab694f6eaabe17bb2a51c4017c25961",
        "is_verified": false,
        "line_number": 9595
      },
      {
        "type": "Base64 High Entropy String",
        "filename": "demos/pr400_e2e_demo/iteration1/main.tf.json",
        "hashed_secret": "f6a2d3bee006437de12cd51d83d9294c1a15ff87",
        "is_verified": false,
        "line_number": 9606
      },
      {
        "type": "Base64 High Entropy String",
        "filename": "demos/pr400_e2e_demo/iteration1/main.tf.json",
        "hashed_secret": "0b7c411238981b29ab9caf395f6ce08e20f91416",
        "is_verified": false,
        "line_number": 9607
      },
      {
        "type": "Base64 High Entropy String",
        "filename": "demos/pr400_e2e_demo/iteration1/main.tf.json",
        "hashed_secret": "47df6fcb3cc4964ed11c4a79f09e6b4df9ff0a04",
        "is_verified": false,
        "line_number": 9629
      },
      {
        "type": "Base64 High Entropy String",
        "filename": "demos/pr400_e2e_demo/iteration1/main.tf.json",
        "hashed_secret": "99e4b264db1580ca05cca0879104c54545a71451",
        "is_verified": false,
        "line_number": 9630
      },
      {
        "type": "Base64 High Entropy String",
        "filename": "demos/pr400_e2e_demo/iteration1/main.tf.json",
        "hashed_secret": "d185809c716e8344e1c7baa2cf432ff4ba468a76",
        "is_verified": false,
        "line_number": 9664
      },
      {
        "type": "Base64 High Entropy String",
        "filename": "demos/pr400_e2e_demo/iteration1/main.tf.json",
        "hashed_secret": "7972f9787c5f51cdb3885d4112da31c4603580db",
        "is_verified": false,
        "line_number": 9852
      },
      {
        "type": "Base64 High Entropy String",
        "filename": "demos/pr400_e2e_demo/iteration1/main.tf.json",
        "hashed_secret": "c64db5e4473f2ad6aae5f8106e329a45b289b422",
        "is_verified": false,
        "line_number": 9863
      },
      {
        "type": "Base64 High Entropy String",
        "filename": "demos/pr400_e2e_demo/iteration1/main.tf.json",
        "hashed_secret": "32175d59032ff2f7a6a61ca2867895de316ba128",
        "is_verified": false,
        "line_number": 9895
      },
      {
        "type": "Base64 High Entropy String",
        "filename": "demos/pr400_e2e_demo/iteration1/main.tf.json",
        "hashed_secret": "d2e9a61cbc5867c6316a8f1517e36c050b04c330",
        "is_verified": false,
        "line_number": 9906
      },
      {
        "type": "Base64 High Entropy String",
        "filename": "demos/pr400_e2e_demo/iteration1/main.tf.json",
        "hashed_secret": "468f8bc778b908e223bfaeb09e30379e28b40088",
        "is_verified": false,
        "line_number": 9917
      },
      {
        "type": "Base64 High Entropy String",
        "filename": "demos/pr400_e2e_demo/iteration1/main.tf.json",
        "hashed_secret": "dc2c16fe252be8b0f23d8f70f04aa194633d477d",
        "is_verified": false,
        "line_number": 9928
      },
      {
        "type": "Base64 High Entropy String",
        "filename": "demos/pr400_e2e_demo/iteration1/main.tf.json",
        "hashed_secret": "28c13c011593d0801e665469fb571bb2443196c8",
        "is_verified": false,
        "line_number": 9950
      },
      {
        "type": "Base64 High Entropy String",
        "filename": "demos/pr400_e2e_demo/iteration1/main.tf.json",
        "hashed_secret": "6e8dc175ff47c701fadf0b886d122c6689ec6ecd",
        "is_verified": false,
        "line_number": 9994
      },
      {
        "type": "Base64 High Entropy String",
        "filename": "demos/pr400_e2e_demo/iteration1/main.tf.json",
        "hashed_secret": "fd6c86f4ddebf30b797ea6455ccd0268ffcdb58a",
        "is_verified": false,
        "line_number": 10005
      },
      {
        "type": "Base64 High Entropy String",
        "filename": "demos/pr400_e2e_demo/iteration1/main.tf.json",
        "hashed_secret": "e9420f8bf4e30cafe990b4f1dfd98f3e3e4975a1",
        "is_verified": false,
        "line_number": 10016
      },
      {
        "type": "Base64 High Entropy String",
        "filename": "demos/pr400_e2e_demo/iteration1/main.tf.json",
        "hashed_secret": "9038224f0b33a3b7db8e9d08ba3af2b3c756e57c",
        "is_verified": false,
        "line_number": 10027
      },
      {
        "type": "Base64 High Entropy String",
        "filename": "demos/pr400_e2e_demo/iteration1/main.tf.json",
        "hashed_secret": "19027d3445e8fab59306466c4696e310dbf86491",
        "is_verified": false,
        "line_number": 10038
      },
      {
        "type": "Base64 High Entropy String",
        "filename": "demos/pr400_e2e_demo/iteration1/main.tf.json",
        "hashed_secret": "9e96bcacde08763ac6a3a08957237fcfa1729739",
        "is_verified": false,
        "line_number": 10121
      },
      {
        "type": "Base64 High Entropy String",
        "filename": "demos/pr400_e2e_demo/iteration1/main.tf.json",
        "hashed_secret": "645fc15ed82a378c4ea32e6f92f13877b865b5ec",
        "is_verified": false,
        "line_number": 10151
      },
      {
        "type": "Base64 High Entropy String",
        "filename": "demos/pr400_e2e_demo/iteration1/main.tf.json",
        "hashed_secret": "8252547c36dbf302e30ed16e4f0b1b2f591dc6ba",
        "is_verified": false,
        "line_number": 10171
      },
      {
        "type": "Base64 High Entropy String",
        "filename": "demos/pr400_e2e_demo/iteration1/main.tf.json",
        "hashed_secret": "e027bbcfe45934d1d14d018f0500158288ef7f67",
        "is_verified": false,
        "line_number": 10307
      },
      {
        "type": "Base64 High Entropy String",
        "filename": "demos/pr400_e2e_demo/iteration1/main.tf.json",
        "hashed_secret": "ab8ce4eb057be7b64e207245d39a2c89cad3eb04",
        "is_verified": false,
        "line_number": 10411
      },
      {
        "type": "Base64 High Entropy String",
        "filename": "demos/pr400_e2e_demo/iteration1/main.tf.json",
        "hashed_secret": "a0d02942e5b5f3e5dc1a7e80b9eb6d68f0b36d01",
        "is_verified": false,
        "line_number": 10493
      },
      {
        "type": "Base64 High Entropy String",
        "filename": "demos/pr400_e2e_demo/iteration1/main.tf.json",
        "hashed_secret": "daf6e516fc68f97527a289039d84871919441b82",
        "is_verified": false,
        "line_number": 10494
      },
      {
        "type": "Base64 High Entropy String",
        "filename": "demos/pr400_e2e_demo/iteration1/main.tf.json",
        "hashed_secret": "9947d67becfbf6204399a76569a71552d16f11da",
        "is_verified": false,
        "line_number": 11054
      },
      {
        "type": "Base64 High Entropy String",
        "filename": "demos/pr400_e2e_demo/iteration1/main.tf.json",
        "hashed_secret": "a0c01aa500eabf062281add735558abdfb14c7d7",
        "is_verified": false,
        "line_number": 11055
      },
      {
        "type": "Base64 High Entropy String",
        "filename": "demos/pr400_e2e_demo/iteration1/main.tf.json",
        "hashed_secret": "6aedeea0f4c2167cb009e0057145c38f188b6c55",
        "is_verified": false,
        "line_number": 11856
      },
      {
        "type": "Base64 High Entropy String",
        "filename": "demos/pr400_e2e_demo/iteration1/main.tf.json",
        "hashed_secret": "86e9afb398ca8419a8eab79694577e33383be39e",
        "is_verified": false,
        "line_number": 12102
      },
      {
        "type": "Base64 High Entropy String",
        "filename": "demos/pr400_e2e_demo/iteration1/main.tf.json",
        "hashed_secret": "8f4433c1ec2a9704d68d26aa867d32419cd3fa22",
        "is_verified": false,
        "line_number": 13606
      },
      {
        "type": "Base64 High Entropy String",
        "filename": "demos/pr400_e2e_demo/iteration1/main.tf.json",
        "hashed_secret": "577456468931420c89e7c382856295f12ed00e43",
        "is_verified": false,
        "line_number": 13736
      },
      {
        "type": "Base64 High Entropy String",
        "filename": "demos/pr400_e2e_demo/iteration1/main.tf.json",
        "hashed_secret": "790c044331799a373de81b8e1b8002198248cb82",
        "is_verified": false,
        "line_number": 13762
      },
      {
        "type": "Base64 High Entropy String",
        "filename": "demos/pr400_e2e_demo/iteration1/main.tf.json",
        "hashed_secret": "dcc5b9250f5bd30ac945f80adcf4c5c5c021829a",
        "is_verified": false,
        "line_number": 13775
      },
      {
        "type": "Base64 High Entropy String",
        "filename": "demos/pr400_e2e_demo/iteration1/main.tf.json",
        "hashed_secret": "635a293c193a6f259bd154054ce746ecbe66b7a3",
        "is_verified": false,
        "line_number": 13853
      },
      {
        "type": "Base64 High Entropy String",
        "filename": "demos/pr400_e2e_demo/iteration1/main.tf.json",
        "hashed_secret": "e909e65ed1ad73239326d5e82913e2ec9d820fa1",
        "is_verified": false,
        "line_number": 13866
      },
      {
        "type": "Base64 High Entropy String",
        "filename": "demos/pr400_e2e_demo/iteration1/main.tf.json",
        "hashed_secret": "c2be5ca6a4d223e6fff8c895fac4b7d689cea3d3",
        "is_verified": false,
        "line_number": 13879
      },
      {
        "type": "Base64 High Entropy String",
        "filename": "demos/pr400_e2e_demo/iteration1/main.tf.json",
        "hashed_secret": "e438e19192a0b76d3ac7480b8b72a63733413c50",
        "is_verified": false,
        "line_number": 13892
      },
      {
        "type": "Base64 High Entropy String",
        "filename": "demos/pr400_e2e_demo/iteration1/main.tf.json",
        "hashed_secret": "33aba87c468eb255f4123f4fd51b31782e5a725f",
        "is_verified": false,
        "line_number": 13905
      },
      {
        "type": "Base64 High Entropy String",
        "filename": "demos/pr400_e2e_demo/iteration1/main.tf.json",
        "hashed_secret": "5a73ed18a5c2288f6be2242b6ad75d25f88f6179",
        "is_verified": false,
        "line_number": 13918
      },
      {
        "type": "Base64 High Entropy String",
        "filename": "demos/pr400_e2e_demo/iteration1/main.tf.json",
        "hashed_secret": "cb5bdcc63e13a3d05b039714528f622dd81555f7",
        "is_verified": false,
        "line_number": 13931
      },
      {
        "type": "Base64 High Entropy String",
        "filename": "demos/pr400_e2e_demo/iteration1/main.tf.json",
        "hashed_secret": "3bb57815783ef11fdce28313ec0b3e68ed2401c2",
        "is_verified": false,
        "line_number": 13957
      },
      {
        "type": "Base64 High Entropy String",
        "filename": "demos/pr400_e2e_demo/iteration1/main.tf.json",
        "hashed_secret": "b22605f051f9d31220ac44070bc1a69a829675fe",
        "is_verified": false,
        "line_number": 13996
      },
      {
        "type": "Base64 High Entropy String",
        "filename": "demos/pr400_e2e_demo/iteration1/main.tf.json",
        "hashed_secret": "745ac943bab7427465003f5c394f6c61ca1be6e4",
        "is_verified": false,
        "line_number": 14009
      },
      {
        "type": "Base64 High Entropy String",
        "filename": "demos/pr400_e2e_demo/iteration1/main.tf.json",
        "hashed_secret": "7013bdcc3124949cf4c1fe8913f80643d7fd90ed",
        "is_verified": false,
        "line_number": 14022
      },
      {
        "type": "Base64 High Entropy String",
        "filename": "demos/pr400_e2e_demo/iteration1/main.tf.json",
        "hashed_secret": "f237abfbaccf30fddfa1523df1f4f6c9f667be62",
        "is_verified": false,
        "line_number": 14035
      },
      {
        "type": "Base64 High Entropy String",
        "filename": "demos/pr400_e2e_demo/iteration1/main.tf.json",
        "hashed_secret": "398e42c0618db232544e2969425fecfa0bd58400",
        "is_verified": false,
        "line_number": 14048
      },
      {
        "type": "Base64 High Entropy String",
        "filename": "demos/pr400_e2e_demo/iteration1/main.tf.json",
        "hashed_secret": "d1226f6daed5ee169934825e3ae9baee8f8d23bc",
        "is_verified": false,
        "line_number": 14061
      },
      {
        "type": "Base64 High Entropy String",
        "filename": "demos/pr400_e2e_demo/iteration1/main.tf.json",
        "hashed_secret": "e51a97f818ec043d18d6e8a225de45237490dcab",
        "is_verified": false,
        "line_number": 14074
      },
      {
        "type": "Base64 High Entropy String",
        "filename": "demos/pr400_e2e_demo/iteration1/main.tf.json",
        "hashed_secret": "2f9ce6d68a5f1ef3a80b4c79e8d5ae17f57a8485",
        "is_verified": false,
        "line_number": 14100
      },
      {
        "type": "Base64 High Entropy String",
        "filename": "demos/pr400_e2e_demo/iteration1/main.tf.json",
        "hashed_secret": "f432e07bed423bdafc15bc6bac70e9bbfa3dafed",
        "is_verified": false,
        "line_number": 14113
      },
      {
        "type": "Base64 High Entropy String",
        "filename": "demos/pr400_e2e_demo/iteration1/main.tf.json",
        "hashed_secret": "07c19d79e6694de8719d601629c9c48abbe13fb9",
        "is_verified": false,
        "line_number": 14126
      },
      {
        "type": "Base64 High Entropy String",
        "filename": "demos/pr400_e2e_demo/iteration1/main.tf.json",
        "hashed_secret": "df27d2b20f0e379d7e39fc5a65175ffe6baba25e",
        "is_verified": false,
        "line_number": 17122
      },
      {
        "type": "Base64 High Entropy String",
        "filename": "demos/pr400_e2e_demo/iteration1/main.tf.json",
        "hashed_secret": "7618e196e5bfd6075eb9d912c89613b68e4f36f9",
        "is_verified": false,
        "line_number": 17123
      },
      {
        "type": "Base64 High Entropy String",
        "filename": "demos/pr400_e2e_demo/iteration1/main.tf.json",
        "hashed_secret": "d374275feb74907d90303338983b789bfea87a1b",
        "is_verified": false,
        "line_number": 17141
      },
      {
        "type": "Base64 High Entropy String",
        "filename": "demos/pr400_e2e_demo/iteration1/main.tf.json",
        "hashed_secret": "157201593c12071f48bfeb8017b23df2d454c038",
        "is_verified": false,
        "line_number": 17142
      },
      {
        "type": "Base64 High Entropy String",
        "filename": "demos/pr400_e2e_demo/iteration1/main.tf.json",
        "hashed_secret": "2e1e13cca49e0842760b950331c2fc58c8151d7d",
        "is_verified": false,
        "line_number": 17559
      },
      {
        "type": "Base64 High Entropy String",
        "filename": "demos/pr400_e2e_demo/iteration1/main.tf.json",
        "hashed_secret": "3ebaa2af0a4042d4952ff454bd4fcb274991c357",
        "is_verified": false,
        "line_number": 17560
      },
      {
        "type": "Base64 High Entropy String",
        "filename": "demos/pr400_e2e_demo/iteration1/main.tf.json",
        "hashed_secret": "f395c7938e43650a8423302d9a1bcb62e6f42a10",
        "is_verified": false,
        "line_number": 17692
      },
      {
        "type": "Base64 High Entropy String",
        "filename": "demos/pr400_e2e_demo/iteration1/main.tf.json",
        "hashed_secret": "6f08bd09a8113cb7b8d882081a5a1fbddd7237b9",
        "is_verified": false,
        "line_number": 17693
      },
      {
        "type": "Base64 High Entropy String",
        "filename": "demos/pr400_e2e_demo/iteration1/main.tf.json",
        "hashed_secret": "27f6f9b0a055790290622cf6c7ef61dd80e8b332",
        "is_verified": false,
        "line_number": 17711
      },
      {
        "type": "Base64 High Entropy String",
        "filename": "demos/pr400_e2e_demo/iteration1/main.tf.json",
        "hashed_secret": "cfbe561d4433154e1d48cf15e9df158b87be0127",
        "is_verified": false,
        "line_number": 17712
      },
      {
        "type": "Base64 High Entropy String",
        "filename": "demos/pr400_e2e_demo/iteration1/main.tf.json",
        "hashed_secret": "30ece7c1db24bc941d2f67aa330c96892a871e16",
        "is_verified": false,
        "line_number": 17768
      },
      {
        "type": "Base64 High Entropy String",
        "filename": "demos/pr400_e2e_demo/iteration1/main.tf.json",
        "hashed_secret": "00f246e5008b2670e5c5dd20cf85bedcb1d84f30",
        "is_verified": false,
        "line_number": 17769
      },
      {
        "type": "Base64 High Entropy String",
        "filename": "demos/pr400_e2e_demo/iteration1/main.tf.json",
        "hashed_secret": "e51e188c5afac275a0f4c4d0f8608b3d501763a6",
        "is_verified": false,
        "line_number": 17825
      },
      {
        "type": "Base64 High Entropy String",
        "filename": "demos/pr400_e2e_demo/iteration1/main.tf.json",
        "hashed_secret": "96f05fa5005c156da6837880ee05aa065ca628eb",
        "is_verified": false,
        "line_number": 17826
      },
      {
        "type": "Base64 High Entropy String",
        "filename": "demos/pr400_e2e_demo/iteration1/main.tf.json",
        "hashed_secret": "fb8470b44a292b9e9bbd0e0db6e4706c8adce4e3",
        "is_verified": false,
        "line_number": 17844
      },
      {
        "type": "Base64 High Entropy String",
        "filename": "demos/pr400_e2e_demo/iteration1/main.tf.json",
        "hashed_secret": "97445da67568877c629f28e552d2e5630956ae91",
        "is_verified": false,
        "line_number": 17845
      },
      {
        "type": "Base64 High Entropy String",
        "filename": "demos/pr400_e2e_demo/iteration1/main.tf.json",
        "hashed_secret": "d833ba24f579a692e4ea1f4f5b475c8335483554",
        "is_verified": false,
        "line_number": 17863
      },
      {
        "type": "Base64 High Entropy String",
        "filename": "demos/pr400_e2e_demo/iteration1/main.tf.json",
        "hashed_secret": "3fd7a352c16b7acf97358111da43bc7a4cb98cea",
        "is_verified": false,
        "line_number": 17864
      },
      {
        "type": "Base64 High Entropy String",
        "filename": "demos/pr400_e2e_demo/iteration1/main.tf.json",
        "hashed_secret": "14763e2bbd03a8a094ed8d2c614a36bee480b941",
        "is_verified": false,
        "line_number": 17901
      },
      {
        "type": "Base64 High Entropy String",
        "filename": "demos/pr400_e2e_demo/iteration1/main.tf.json",
        "hashed_secret": "aac3e87690f542788e83db1f98097427b031b144",
        "is_verified": false,
        "line_number": 17902
      },
      {
        "type": "Base64 High Entropy String",
        "filename": "demos/pr400_e2e_demo/iteration1/main.tf.json",
        "hashed_secret": "42cdb23e503c40ed44adc2b8532fd9d8e66f160d",
        "is_verified": false,
        "line_number": 17939
      },
      {
        "type": "Base64 High Entropy String",
        "filename": "demos/pr400_e2e_demo/iteration1/main.tf.json",
        "hashed_secret": "d364fbb9fa5ca579117f47e61de881a248f0d9b0",
        "is_verified": false,
        "line_number": 17940
      },
      {
        "type": "Base64 High Entropy String",
        "filename": "demos/pr400_e2e_demo/iteration1/main.tf.json",
        "hashed_secret": "485e2894deabb7749df704346590cbaa5b0bf8a0",
        "is_verified": false,
        "line_number": 17958
      },
      {
        "type": "Base64 High Entropy String",
        "filename": "demos/pr400_e2e_demo/iteration1/main.tf.json",
        "hashed_secret": "b355751cd6b5b8a2d8803596c9f5fee027a2d8d0",
        "is_verified": false,
        "line_number": 17959
      },
      {
        "type": "Base64 High Entropy String",
        "filename": "demos/pr400_e2e_demo/iteration1/main.tf.json",
        "hashed_secret": "8c117846656188242cc95c02024783d98cc1c65a",
        "is_verified": false,
        "line_number": 18072
      },
      {
        "type": "Base64 High Entropy String",
        "filename": "demos/pr400_e2e_demo/iteration1/main.tf.json",
        "hashed_secret": "3f0b5e0fc80a9185362d7467e3af42f042e0a9ae",
        "is_verified": false,
        "line_number": 18073
      }
    ],
    "demos/simuland_iteration2/main.tf.json": [
      {
        "type": "Hex High Entropy String",
        "filename": "demos/simuland_iteration2/main.tf.json",
        "hashed_secret": "0c8e64a6f06e6fad5c1621735701d21fad956afe",
        "is_verified": false,
        "line_number": 672
      },
      {
        "type": "Base64 High Entropy String",
        "filename": "demos/simuland_iteration2/main.tf.json",
        "hashed_secret": "86e9afb398ca8419a8eab79694577e33383be39e",
        "is_verified": false,
        "line_number": 1340
      }
    ],
    "demos/simuland_iteration3/main.tf.json": [
      {
        "type": "Base64 High Entropy String",
        "filename": "demos/simuland_iteration3/main.tf.json",
        "hashed_secret": "c1cfe9d24078911d43ddc46b57abfa44bcd26804",
        "is_verified": false,
        "line_number": 62
      },
      {
        "type": "Base64 High Entropy String",
        "filename": "demos/simuland_iteration3/main.tf.json",
        "hashed_secret": "2e2809a520fcd0a1d763d71807aab8e0a7d40074",
        "is_verified": false,
        "line_number": 63
      },
      {
        "type": "Hex High Entropy String",
        "filename": "demos/simuland_iteration3/main.tf.json",
        "hashed_secret": "0c8e64a6f06e6fad5c1621735701d21fad956afe",
        "is_verified": false,
        "line_number": 1182
      },
      {
        "type": "Base64 High Entropy String",
        "filename": "demos/simuland_iteration3/main.tf.json",
        "hashed_secret": "86e9afb398ca8419a8eab79694577e33383be39e",
        "is_verified": false,
        "line_number": 2111
      }
    ],
    "demos/simuland_replication_20251012/artifacts/simuland_final.tf.json": [
      {
        "type": "Hex High Entropy String",
        "filename": "demos/simuland_replication_20251012/artifacts/simuland_final.tf.json",
        "hashed_secret": "0c8e64a6f06e6fad5c1621735701d21fad956afe",
        "is_verified": false,
        "line_number": 125
      },
      {
        "type": "Secret Keyword",
        "filename": "demos/simuland_replication_20251012/artifacts/simuland_final.tf.json",
        "hashed_secret": "e54a9b8f85ce347dcf959052fe5ed6da529a6ae9",
        "is_verified": false,
        "line_number": 325
      }
    ],
    "demos/simuland_replication_20251012/artifacts/terraform.tfstate": [
      {
        "type": "Base64 High Entropy String",
        "filename": "demos/simuland_replication_20251012/artifacts/terraform.tfstate",
        "hashed_secret": "2803e1c27bcb762d1877c3c2b286a7aa1bd0d55c",
        "is_verified": false,
        "line_number": 44
      },
      {
        "type": "Base64 High Entropy String",
        "filename": "demos/simuland_replication_20251012/artifacts/terraform.tfstate",
        "hashed_secret": "3753405846a17b4877bb9b0aed60a0fb01eb652c",
        "is_verified": false,
        "line_number": 899
      },
      {
        "type": "Base64 High Entropy String",
        "filename": "demos/simuland_replication_20251012/artifacts/terraform.tfstate",
        "hashed_secret": "1f770433ffe60102ac5d87d75be25b2d1621154f",
        "is_verified": false,
        "line_number": 930
      },
      {
        "type": "Secret Keyword",
        "filename": "demos/simuland_replication_20251012/artifacts/terraform.tfstate",
        "hashed_secret": "e54a9b8f85ce347dcf959052fe5ed6da529a6ae9",
        "is_verified": false,
        "line_number": 1078
      },
      {
        "type": "Base64 High Entropy String",
        "filename": "demos/simuland_replication_20251012/artifacts/terraform.tfstate",
        "hashed_secret": "6a7a28e12c139a11a6ed49832e7146a9772e10e4",
        "is_verified": false,
        "line_number": 1163
      },
      {
        "type": "Secret Keyword",
        "filename": "demos/simuland_replication_20251012/artifacts/terraform.tfstate",
        "hashed_secret": "b02dff0ec9d24823e77c27c281a852247896b86d",
        "is_verified": false,
        "line_number": 2252
      },
      {
        "type": "Hex High Entropy String",
        "filename": "demos/simuland_replication_20251012/artifacts/terraform.tfstate",
        "hashed_secret": "0c8e64a6f06e6fad5c1621735701d21fad956afe",
        "is_verified": false,
        "line_number": 2260
      },
      {
        "type": "Base64 High Entropy String",
        "filename": "demos/simuland_replication_20251012/artifacts/terraform.tfstate",
        "hashed_secret": "74e876583677caf35a0c96efbb9711bcfaeec822",
        "is_verified": false,
        "line_number": 2276
      }
    ],
    "demos/simuland_replication_20251012/artifacts/terraform.tfstate.backup": [
      {
        "type": "Base64 High Entropy String",
        "filename": "demos/simuland_replication_20251012/artifacts/terraform.tfstate.backup",
        "hashed_secret": "2803e1c27bcb762d1877c3c2b286a7aa1bd0d55c",
        "is_verified": false,
        "line_number": 44
      },
      {
        "type": "Base64 High Entropy String",
        "filename": "demos/simuland_replication_20251012/artifacts/terraform.tfstate.backup",
        "hashed_secret": "3753405846a17b4877bb9b0aed60a0fb01eb652c",
        "is_verified": false,
        "line_number": 811
      },
      {
        "type": "Base64 High Entropy String",
        "filename": "demos/simuland_replication_20251012/artifacts/terraform.tfstate.backup",
        "hashed_secret": "1f770433ffe60102ac5d87d75be25b2d1621154f",
        "is_verified": false,
        "line_number": 842
      },
      {
        "type": "Secret Keyword",
        "filename": "demos/simuland_replication_20251012/artifacts/terraform.tfstate.backup",
        "hashed_secret": "e54a9b8f85ce347dcf959052fe5ed6da529a6ae9",
        "is_verified": false,
        "line_number": 959
      },
      {
        "type": "Base64 High Entropy String",
        "filename": "demos/simuland_replication_20251012/artifacts/terraform.tfstate.backup",
        "hashed_secret": "6a7a28e12c139a11a6ed49832e7146a9772e10e4",
        "is_verified": false,
        "line_number": 1044
      }
    ],
    "notebooks/architecture_based_replication.ipynb": [
      {
        "type": "Base64 High Entropy String",
        "filename": "notebooks/architecture_based_replication.ipynb",
        "hashed_secret": "52337e35b7b992fede8a27754c546162ba897cfe",
        "is_verified": false,
        "line_number": 517
      },
      {
        "type": "Base64 High Entropy String",
        "filename": "notebooks/architecture_based_replication.ipynb",
        "hashed_secret": "e83d8a9242c19d330d5341e7212d1b06e97935e2",
        "is_verified": false,
        "line_number": 679
      },
      {
        "type": "Base64 High Entropy String",
        "filename": "notebooks/architecture_based_replication.ipynb",
        "hashed_secret": "9f5903a5fa817de0b1549984a9200eb60b9eef6c",
        "is_verified": false,
        "line_number": 828
      }
    ],
    "notebooks/architecture_pattern_analysis.ipynb": [
      {
        "type": "Base64 High Entropy String",
        "filename": "notebooks/architecture_pattern_analysis.ipynb",
        "hashed_secret": "0003d8b82bc0923b87f32b0dbba5e16ca25b4d0c",
        "is_verified": false,
        "line_number": 560
      },
      {
        "type": "Base64 High Entropy String",
        "filename": "notebooks/architecture_pattern_analysis.ipynb",
        "hashed_secret": "61fd0b651183589bef348c38ba4051ba77779295",
        "is_verified": false,
        "line_number": 1121
      },
      {
        "type": "Base64 High Entropy String",
        "filename": "notebooks/architecture_pattern_analysis.ipynb",
        "hashed_secret": "39bf06be5f6bb4776bf21866908209496fbb0a29",
        "is_verified": false,
        "line_number": 1780
      }
    ],
    "notebooks/resource_configuration_analysis.ipynb": [
      {
        "type": "Base64 High Entropy String",
        "filename": "notebooks/resource_configuration_analysis.ipynb",
        "hashed_secret": "7267bd760616947b981725942519a471fcb974c7",
        "is_verified": false,
        "line_number": 146
      },
      {
        "type": "Base64 High Entropy String",
        "filename": "notebooks/resource_configuration_analysis.ipynb",
        "hashed_secret": "27ee1062cb1ef50a315ab83b500df6ea93cdd622",
        "is_verified": false,
        "line_number": 261
      },
      {
        "type": "Base64 High Entropy String",
        "filename": "notebooks/resource_configuration_analysis.ipynb",
        "hashed_secret": "58043d6af959d11d2d5d4b0634c32f94546ca173",
        "is_verified": false,
        "line_number": 360
      },
      {
        "type": "Base64 High Entropy String",
        "filename": "notebooks/resource_configuration_analysis.ipynb",
        "hashed_secret": "20fc82ae757aff3896d696b5b164c405d687cafa",
        "is_verified": false,
        "line_number": 574
      },
      {
        "type": "Base64 High Entropy String",
        "filename": "notebooks/resource_configuration_analysis.ipynb",
        "hashed_secret": "e86419f55375944f2e111e29eef1ffb0df91178d",
        "is_verified": false,
        "line_number": 701
      }
    ],
    "spa/tests/components/GraphVisualization.tooltip.test.tsx": [
      {
        "type": "Base64 High Entropy String",
        "filename": "spa/tests/components/GraphVisualization.tooltip.test.tsx",
        "hashed_secret": "711b53089fea2e44e9cc5f154685f02f3f034a7e",
        "is_verified": false,
        "line_number": 709
      }
    ],
    "tests/remote/unit/test_configuration.py": [
      {
        "type": "Secret Keyword",
        "filename": "tests/remote/unit/test_configuration.py",
        "hashed_secret": "833d0ecc58f3dad7d92079e44c6931f93ee7096e",
        "is_verified": false,
        "line_number": 491
      }
    ],
    "tests/test_azure_tenant_grapher.py": [
      {
        "type": "Secret Keyword",
        "filename": "tests/test_azure_tenant_grapher.py",
        "hashed_secret": "789cbe0407840b1c2041cb33452ff60f19bf58cc",
        "is_verified": false,
        "line_number": 63
      }
    ],
    "tests/test_config_manager.py": [
      {
        "type": "Secret Keyword",
        "filename": "tests/test_config_manager.py",
        "hashed_secret": "206c80413b9a96c1312cc346b7d2517b84463edd",
        "is_verified": false,
        "line_number": 298
      }
    ],
    "tests/test_graph_visualizer.py": [
      {
        "type": "Secret Keyword",
        "filename": "tests/test_graph_visualizer.py",
        "hashed_secret": "5baa61e4c9b93f3f0682250b6cf8331b7ee68fd8",
        "is_verified": false,
        "line_number": 31
      }
    ],
    "tests/test_llm_descriptions.py": [
      {
        "type": "Secret Keyword",
        "filename": "tests/test_llm_descriptions.py",
        "hashed_secret": "3acfb2c2b433c0ea7ff107e33df91b18e52f960f",
        "is_verified": false,
        "line_number": 61
      }
    ],
    "tests/test_secure_credentials.py": [
      {
        "type": "Secret Keyword",
        "filename": "tests/test_secure_credentials.py",
        "hashed_secret": "206c80413b9a96c1312cc346b7d2517b84463edd",
        "is_verified": false,
        "line_number": 138
      }
    ]
  },
  "generated_at": "2026-02-05T05:47:53Z"
}
