{
  "version": "1.5.0",
  "plugins_used": [
    {
      "name": "ArtifactoryDetector"
    },
    {
      "name": "AWSKeyDetector"
    },
    {
      "name": "AzureStorageKeyDetector"
    },
    {
      "name": "Base64HighEntropyString",
      "limit": 4.5
    },
    {
      "name": "BasicAuthDetector"
    },
    {
      "name": "CloudantDetector"
    },
    {
      "name": "DiscordBotTokenDetector"
    },
    {
      "name": "GitHubTokenDetector"
    },
    {
      "name": "GitLabTokenDetector"
    },
    {
      "name": "HexHighEntropyString",
      "limit": 3.0
    },
    {
      "name": "IbmCloudIamDetector"
    },
    {
      "name": "IbmCosHmacDetector"
    },
    {
      "name": "IPPublicDetector"
    },
    {
      "name": "JwtTokenDetector"
    },
    {
      "name": "KeywordDetector",
      "keyword_exclude": ""
    },
    {
      "name": "MailchimpDetector"
    },
    {
      "name": "NpmDetector"
    },
    {
      "name": "OpenAIDetector"
    },
    {
      "name": "PrivateKeyDetector"
    },
    {
      "name": "PypiTokenDetector"
    },
    {
      "name": "SendGridDetector"
    },
    {
      "name": "SlackDetector"
    },
    {
      "name": "SoftlayerDetector"
    },
    {
      "name": "SquareOAuthDetector"
    },
    {
      "name": "StripeDetector"
    },
    {
      "name": "TelegramBotTokenDetector"
    },
    {
      "name": "TwilioKeyDetector"
    }
  ],
  "filters_used": [
    {
      "path": "detect_secrets.filters.allowlist.is_line_allowlisted"
    },
    {
      "path": "detect_secrets.filters.common.is_baseline_file",
      "filename": ".secrets.baseline"
    },
    {
      "path": "detect_secrets.filters.common.is_ignored_due_to_verification_policies",
      "min_level": 2
    },
    {
      "path": "detect_secrets.filters.heuristic.is_indirect_reference"
    },
    {
      "path": "detect_secrets.filters.heuristic.is_likely_id_string"
    },
    {
      "path": "detect_secrets.filters.heuristic.is_lock_file"
    },
    {
      "path": "detect_secrets.filters.heuristic.is_not_alphanumeric_string"
    },
    {
      "path": "detect_secrets.filters.heuristic.is_potential_uuid"
    },
    {
      "path": "detect_secrets.filters.heuristic.is_prefixed_with_dollar_sign"
    },
    {
      "path": "detect_secrets.filters.heuristic.is_sequential_string"
    },
    {
      "path": "detect_secrets.filters.heuristic.is_swagger_file"
    },
    {
      "path": "detect_secrets.filters.heuristic.is_templated_secret"
    }
  ],
  "results": {
    "my-deployment/main.bicep": [
      {
        "type": "Base64 High Entropy String",
        "filename": "my-deployment/main.bicep",
        "hashed_secret": "32175d59032ff2f7a6a61ca2867895de316ba128",
        "is_verified": false,
        "line_number": 124
      },
      {
        "type": "Base64 High Entropy String",
        "filename": "my-deployment/main.bicep",
        "hashed_secret": "d2e9a61cbc5867c6316a8f1517e36c050b04c330",
        "is_verified": false,
        "line_number": 136
      },
      {
        "type": "Base64 High Entropy String",
        "filename": "my-deployment/main.bicep",
        "hashed_secret": "468f8bc778b908e223bfaeb09e30379e28b40088",
        "is_verified": false,
        "line_number": 148
      },
      {
        "type": "Base64 High Entropy String",
        "filename": "my-deployment/main.bicep",
        "hashed_secret": "dc2c16fe252be8b0f23d8f70f04aa194633d477d",
        "is_verified": false,
        "line_number": 202
      },
      {
        "type": "Base64 High Entropy String",
        "filename": "my-deployment/main.bicep",
        "hashed_secret": "28c13c011593d0801e665469fb571bb2443196c8",
        "is_verified": false,
        "line_number": 244
      },
      {
        "type": "Base64 High Entropy String",
        "filename": "my-deployment/main.bicep",
        "hashed_secret": "c5045c3f763798419b633e3fef7b4928e67ae675",
        "is_verified": false,
        "line_number": 376
      },
      {
        "type": "Base64 High Entropy String",
        "filename": "my-deployment/main.bicep",
        "hashed_secret": "acc13032cd55004e72a7a3dc4edb0f49334e5da8",
        "is_verified": false,
        "line_number": 418
      },
      {
        "type": "Base64 High Entropy String",
        "filename": "my-deployment/main.bicep",
        "hashed_secret": "16052af29be838a5fb3876622b216eb407716097",
        "is_verified": false,
        "line_number": 466
      },
      {
        "type": "Base64 High Entropy String",
        "filename": "my-deployment/main.bicep",
        "hashed_secret": "bd774361687c1d66975b49abb8e74daed3efb68a",
        "is_verified": false,
        "line_number": 490
      },
      {
        "type": "Base64 High Entropy String",
        "filename": "my-deployment/main.bicep",
        "hashed_secret": "bff9f873c1526c1b24676aa6e82bf8ef98da71c1",
        "is_verified": false,
        "line_number": 598
      },
      {
        "type": "Base64 High Entropy String",
        "filename": "my-deployment/main.bicep",
        "hashed_secret": "d1e0d9477ec10faf8a1331f676e425579d8bc9f2",
        "is_verified": false,
        "line_number": 640
      },
      {
        "type": "Base64 High Entropy String",
        "filename": "my-deployment/main.bicep",
        "hashed_secret": "df19451715f74b1a2f585ac9feee24b9b2bcbb2c",
        "is_verified": false,
        "line_number": 880
      },
      {
        "type": "Base64 High Entropy String",
        "filename": "my-deployment/main.bicep",
        "hashed_secret": "b3f8432196845f6569131def04945d6df0d438cf",
        "is_verified": false,
        "line_number": 886
      },
      {
        "type": "Base64 High Entropy String",
        "filename": "my-deployment/main.bicep",
        "hashed_secret": "c2235718c3f5d2d441f366624dd2aa1a525d2346",
        "is_verified": false,
        "line_number": 1024
      },
      {
        "type": "Base64 High Entropy String",
        "filename": "my-deployment/main.bicep",
        "hashed_secret": "b8687e5bf0878f5e4573a5af3e96198b19516577",
        "is_verified": false,
        "line_number": 1090
      },
      {
        "type": "Base64 High Entropy String",
        "filename": "my-deployment/main.bicep",
        "hashed_secret": "d185809c716e8344e1c7baa2cf432ff4ba468a76",
        "is_verified": false,
        "line_number": 1312
      }
    ],
    "run-grapher.ps1": [
      {
        "type": "Secret Keyword",
        "filename": "run-grapher.ps1",
        "hashed_secret": "78d67f0f824510f2bfe1ebdc00e4d56879e58ceb",
        "is_verified": false,
        "line_number": 34
      }
    ],
    "run-grapher.sh": [
      {
        "type": "Secret Keyword",
        "filename": "run-grapher.sh",
        "hashed_secret": "78d67f0f824510f2bfe1ebdc00e4d56879e58ceb",
        "is_verified": false,
        "line_number": 9
      }
    ],
    "test_cli_exit_fix.py": [
      {
        "type": "Secret Keyword",
        "filename": "test_cli_exit_fix.py",
        "hashed_secret": "fe1bae27cb7c1fb823f496f286e78f1d2ae87734",
        "is_verified": false,
        "line_number": 30
      }
    ],
    "tests/test_agent_mode_dependency.py": [
      {
        "type": "Secret Keyword",
        "filename": "tests/test_agent_mode_dependency.py",
        "hashed_secret": "3acfb2c2b433c0ea7ff107e33df91b18e52f960f",
        "is_verified": false,
        "line_number": 51
      }
    ],
    "tests/test_azure_tenant_grapher.py": [
      {
        "type": "Secret Keyword",
        "filename": "tests/test_azure_tenant_grapher.py",
        "hashed_secret": "789cbe0407840b1c2041cb33452ff60f19bf58cc",
        "is_verified": false,
        "line_number": 34
      }
    ],
    "tests/test_config_manager.py": [
      {
        "type": "Secret Keyword",
        "filename": "tests/test_config_manager.py",
        "hashed_secret": "206c80413b9a96c1312cc346b7d2517b84463edd",
        "is_verified": false,
        "line_number": 33
      }
    ],
    "tests/test_graph_visualizer.py": [
      {
        "type": "Secret Keyword",
        "filename": "tests/test_graph_visualizer.py",
        "hashed_secret": "5baa61e4c9b93f3f0682250b6cf8331b7ee68fd8",
        "is_verified": false,
        "line_number": 22
      }
    ],
    "tests/test_llm_descriptions.py": [
      {
        "type": "Secret Keyword",
        "filename": "tests/test_llm_descriptions.py",
        "hashed_secret": "3acfb2c2b433c0ea7ff107e33df91b18e52f960f",
        "is_verified": false,
        "line_number": 33
      },
      {
        "type": "Secret Keyword",
        "filename": "tests/test_llm_descriptions.py",
        "hashed_secret": "71fdbe9f60b1157a53c18b7ec93d4041d828aaad",
        "is_verified": false,
        "line_number": 52
      }
    ],
    "tests/test_tenant_specification_service.py": [
      {
        "type": "Secret Keyword",
        "filename": "tests/test_tenant_specification_service.py",
        "hashed_secret": "a94a8fe5ccb19ba61c4c0873d391e987982fbbd3",
        "is_verified": false,
        "line_number": 16
      }
    ]
  },
  "generated_at": "2025-06-27T17:41:28Z"
}
