{
  "version": "1.5.0",
  "plugins_used": [
    {
      "name": "ArtifactoryDetector"
    },
    {
      "name": "AWSKeyDetector"
    },
    {
      "name": "AzureStorageKeyDetector"
    },
    {
      "name": "Base64HighEntropyString",
      "limit": 4.5
    },
    {
      "name": "BasicAuthDetector"
    },
    {
      "name": "CloudantDetector"
    },
    {
      "name": "DiscordBotTokenDetector"
    },
    {
      "name": "GitHubTokenDetector"
    },
    {
      "name": "GitLabTokenDetector"
    },
    {
      "name": "HexHighEntropyString",
      "limit": 3.0
    },
    {
      "name": "IbmCloudIamDetector"
    },
    {
      "name": "IbmCosHmacDetector"
    },
    {
      "name": "IPPublicDetector"
    },
    {
      "name": "JwtTokenDetector"
    },
    {
      "name": "KeywordDetector",
      "keyword_exclude": ""
    },
    {
      "name": "MailchimpDetector"
    },
    {
      "name": "NpmDetector"
    },
    {
      "name": "OpenAIDetector"
    },
    {
      "name": "PrivateKeyDetector"
    },
    {
      "name": "PypiTokenDetector"
    },
    {
      "name": "SendGridDetector"
    },
    {
      "name": "SlackDetector"
    },
    {
      "name": "SoftlayerDetector"
    },
    {
      "name": "SquareOAuthDetector"
    },
    {
      "name": "StripeDetector"
    },
    {
      "name": "TelegramBotTokenDetector"
    },
    {
      "name": "TwilioKeyDetector"
    }
  ],
  "filters_used": [
    {
      "path": "detect_secrets.filters.allowlist.is_line_allowlisted"
    },
    {
      "path": "detect_secrets.filters.common.is_baseline_file",
      "filename": ".secrets.baseline"
    },
    {
      "path": "detect_secrets.filters.common.is_ignored_due_to_verification_policies",
      "min_level": 2
    },
    {
      "path": "detect_secrets.filters.heuristic.is_indirect_reference"
    },
    {
      "path": "detect_secrets.filters.heuristic.is_likely_id_string"
    },
    {
      "path": "detect_secrets.filters.heuristic.is_lock_file"
    },
    {
      "path": "detect_secrets.filters.heuristic.is_not_alphanumeric_string"
    },
    {
      "path": "detect_secrets.filters.heuristic.is_potential_uuid"
    },
    {
      "path": "detect_secrets.filters.heuristic.is_prefixed_with_dollar_sign"
    },
    {
      "path": "detect_secrets.filters.heuristic.is_sequential_string"
    },
    {
      "path": "detect_secrets.filters.heuristic.is_swagger_file"
    },
    {
      "path": "detect_secrets.filters.heuristic.is_templated_secret"
    }
  ],
  "results": {
    ".claude/scenarios/mcp-manager/tests/test_cli.py": [
      {
        "type": "Secret Keyword",
        "filename": ".claude/scenarios/mcp-manager/tests/test_cli.py",
        "hashed_secret": "7288edd0fc3ffcbe93a0cf06e3568e28521687bc",
        "is_verified": false,
        "line_number": 306
      }
    ],
    ".claude/scenarios/mcp_manager/tests/test_cli.py": [
      {
        "type": "Secret Keyword",
        "filename": ".claude/scenarios/mcp_manager/tests/test_cli.py",
        "hashed_secret": "7288edd0fc3ffcbe93a0cf06e3568e28521687bc",
        "is_verified": false,
        "line_number": 306
      }
    ],
    "tests/e2e/auth_security/security_utils.py": [
      {
        "type": "Private Key",
        "filename": "tests/e2e/auth_security/security_utils.py",
        "hashed_secret": "1348b145fa1a555461c1b790a2f66614781091e9",
        "is_verified": false,
        "line_number": 333
      },
      {
        "type": "Private Key",
        "filename": "tests/e2e/auth_security/security_utils.py",
        "hashed_secret": "be4fc4886bd949b369d5e092eb87494f12e57e5b",
        "is_verified": false,
        "line_number": 333
      }
    ],
    "tests/e2e/auth_security/test_data_security.py": [
      {
        "type": "Secret Keyword",
        "filename": "tests/e2e/auth_security/test_data_security.py",
        "hashed_secret": "a733ce259b1fdd7a46780d4d1fc89320ad5cdeb7",
        "is_verified": false,
        "line_number": 301
      }
    ],
    "tests/test_agent_mode_dependency.py": [
      {
        "type": "Secret Keyword",
        "filename": "tests/test_agent_mode_dependency.py",
        "hashed_secret": "3acfb2c2b433c0ea7ff107e33df91b18e52f960f",
        "is_verified": false,
        "line_number": 51
      }
    ],
    "tests/test_azure_tenant_grapher.py": [
      {
        "type": "Secret Keyword",
        "filename": "tests/test_azure_tenant_grapher.py",
        "hashed_secret": "789cbe0407840b1c2041cb33452ff60f19bf58cc",
        "is_verified": false,
        "line_number": 34
      }
    ],
    "tests/test_config_manager.py": [
      {
        "type": "Secret Keyword",
        "filename": "tests/test_config_manager.py",
        "hashed_secret": "206c80413b9a96c1312cc346b7d2517b84463edd",
        "is_verified": false,
        "line_number": 33
      }
    ],
    "tests/test_enhanced_identity_models.py": [
      {
        "type": "Hex High Entropy String",
        "filename": "tests/test_enhanced_identity_models.py",
        "hashed_secret": "d59c5ca85a09d17eafdcdcceeb2d99be77d02a48",
        "is_verified": false,
        "line_number": 293
      }
    ],
    "tests/test_graph_visualizer.py": [
      {
        "type": "Secret Keyword",
        "filename": "tests/test_graph_visualizer.py",
        "hashed_secret": "5baa61e4c9b93f3f0682250b6cf8331b7ee68fd8",
        "is_verified": false,
        "line_number": 22
      }
    ],
    "tests/test_llm_descriptions.py": [
      {
        "type": "Secret Keyword",
        "filename": "tests/test_llm_descriptions.py",
        "hashed_secret": "3acfb2c2b433c0ea7ff107e33df91b18e52f960f",
        "is_verified": false,
        "line_number": 33
      },
      {
        "type": "Secret Keyword",
        "filename": "tests/test_llm_descriptions.py",
        "hashed_secret": "71fdbe9f60b1157a53c18b7ec93d4041d828aaad",
        "is_verified": false,
        "line_number": 52
      }
    ],
    "tests/test_secure_credentials.py": [
      {
        "type": "Secret Keyword",
        "filename": "tests/test_secure_credentials.py",
        "hashed_secret": "7288edd0fc3ffcbe93a0cf06e3568e28521687bc",
        "is_verified": false,
        "line_number": 64
      },
      {
        "type": "Secret Keyword",
        "filename": "tests/test_secure_credentials.py",
        "hashed_secret": "206c80413b9a96c1312cc346b7d2517b84463edd",
        "is_verified": false,
        "line_number": 152
      }
    ],
    "tests/test_tenant_manager.py": [
      {
        "type": "Secret Keyword",
        "filename": "tests/test_tenant_manager.py",
        "hashed_secret": "e5e9fa1ba31ecd1ae84f75caaa474f3a663f05f4",
        "is_verified": false,
        "line_number": 316
      }
    ],
    "tests/test_tenant_specification_service.py": [
      {
        "type": "Secret Keyword",
        "filename": "tests/test_tenant_specification_service.py",
        "hashed_secret": "a94a8fe5ccb19ba61c4c0873d391e987982fbbd3",
        "is_verified": false,
        "line_number": 16
      }
    ]
  },
  "generated_at": "2025-12-09T04:05:30Z"
}
